[www.w3schools.com/w3css/tryw3css_templates_architect.html]
[backblue.gif]
[fade.gif]
[index.html]
[www.w3schools.com/w3css/4/w3.css]
[www.w3schools.com/w3images/architect.jpg]
[www.w3schools.com/w3images/house5.jpg]
[www.w3schools.com/w3images/house2.jpg]
[www.w3schools.com/w3images/house3.jpg]
[www.w3schools.com/w3images/house4.jpg]
[www.w3schools.com/w3images/team2.jpg]
[www.w3schools.com/w3images/team1.jpg]
[www.w3schools.com/w3images/team3.jpg]
[www.w3schools.com/w3images/team4.jpg]
[www.w3schools.com/w3images/map.jpg]
[www.w3schools.com/w3css/tryw3css_templates_architect.html]
[www.w3schools.com/w3css/default.html]
[www.w3schools.com/w3css/4/w3.css]
[www.google-analytics.com/analytics.js]
[snigelweb-com.videoplayerhub.com/videoloader.js]
[static.h-bid.com/sncmp/sncmp_stub.min.js]
[www.w3schools.com/images/w3schoolscom_gray.gif]
[www.w3schools.com/lib/cmp.css]
[static.h-bid.com/w3schools.com/20190327/snhb-w3schools.com.min8a4b.js]
[www.w3schools.com/w3css/w3css_templates.html]
[www.w3schools.com/w3css/w3css_references.html]
[www.w3schools.com/w3css/w3css_intro.html]
[www.w3schools.com/w3css/w3css_colors.html]
[www.w3schools.com/w3css/w3css_containers.html]
[www.w3schools.com/w3css/w3css_panels.html]
[www.w3schools.com/w3css/w3css_borders.html]
[www.w3schools.com/w3css/w3css_cards.html]
[www.w3schools.com/w3css/w3css_fonts.html]
[www.w3schools.com/w3css/w3css_text.html]
[www.w3schools.com/w3css/w3css_round.html]
[www.w3schools.com/w3css/w3css_padding.html]
[www.w3schools.com/w3css/w3css_margins.html]
[www.w3schools.com/w3css/w3css_display.html]
[www.w3schools.com/w3css/w3css_buttons.html]
[www.w3schools.com/w3css/w3css_notes.html]
[www.w3schools.com/w3css/w3css_quotes.html]
[www.w3schools.com/w3css/w3css_alerts.html]
[www.w3schools.com/w3css/w3css_tables.html]
[www.w3schools.com/w3css/w3css_lists.html]
[www.w3schools.com/w3css/w3css_images.html]
[www.w3schools.com/w3css/w3css_input.html]
[www.w3schools.com/w3css/w3css_badges.html]
[www.w3schools.com/w3css/w3css_tags.html]
[www.w3schools.com/w3css/w3css_icons.html]
[www.w3schools.com/w3css/w3css_responsive.html]
[www.w3schools.com/w3css/w3css_layout.html]
[www.w3schools.com/w3css/w3css_animate.html]
[www.w3schools.com/w3css/w3css_effects.html]
[www.w3schools.com/w3css/w3css_bars.html]
[www.w3schools.com/w3css/w3css_dropdowns.html]
[www.w3schools.com/w3css/w3css_accordions.html]
[www.w3schools.com/w3css/w3css_navigation.html]
[www.w3schools.com/w3css/w3css_sidebar.html]
[www.w3schools.com/w3css/w3css_tabulators.html]
[www.w3schools.com/w3css/w3css_pagination.html]
[www.w3schools.com/w3css/w3css_progressbar.html]
[www.w3schools.com/w3css/w3css_slideshow.html]
[www.w3schools.com/w3css/w3css_modal.html]
[www.w3schools.com/w3css/w3css_tooltips.html]
[www.w3schools.com/w3css/w3css_grid.html]
[www.w3schools.com/w3css/w3css_code.html]
[www.w3schools.com/w3css/w3css_filters.html]
[www.w3schools.com/w3css/w3css_trends.html]
[www.w3schools.com/w3css/w3css_case.html]
[www.w3schools.com/w3css/w3css_material.html]
[www.w3schools.com/w3css/w3css_validation.html]
[www.w3schools.com/w3css/w3css_versions.html]
[www.w3schools.com/w3css/w3css_mobile.html]
[www.w3schools.com/w3css/w3css_color_classes.html]
[www.w3schools.com/w3css/w3css_color_material.html]
[www.w3schools.com/w3css/w3css_color_flat.html]
[www.w3schools.com/w3css/w3css_color_metro.html]
[www.w3schools.com/w3css/w3css_color_win8.html]
[www.w3schools.com/w3css/w3css_color_ios.html]
[www.w3schools.com/w3css/w3css_color_libraries.html]
[www.w3schools.com/w3css/w3css_color_schemes.html]
[www.w3schools.com/w3css/w3css_color_themes.html]
[www.w3schools.com/w3css/w3css_color_generator.html]
[www.w3schools.com/w3css/w3css_examples.html]
[www.w3schools.com/w3css/w3css_demo.html]
[www.w3schools.com/w3css/w3css_downloads.html]
[www.w3schools.com/w3css/tryit5ae0.html]
[www.w3schools.com/w3css/tryitdb49.html]
[www.w3schools.com/w3css/img_temp_food_blog.jpg]
[www.w3schools.com/w3css/img_temp_band.jpg]
[www.w3schools.com/w3css/img_temp_cafe.jpg]
[www.w3schools.com/w3css/img_temp_wedding.jpg]
[www.w3schools.com/w3css/img_temp_dark_icon.jpg]
[www.w3schools.com/images/colorpicker.gif]
[www.w3schools.com/lib/w3schools_footer.js]
[translate.google.com/translate_a/element.5ca0d8.delayed]
[www.w3schools.com/w3css/default.html]
[www.w3schools.com/lib/cmp.css]
[www.w3schools.com/w3css/tryw3css_templates_band.html]
[www.w3schools.com/w3css/tryitb525.html]
[www.w3schools.com/w3css/tryw3css_templates_gourmet_catering.html]
[www.w3schools.com/w3css/img_temp_gourmet_catering.jpg]
[www.w3schools.com/w3css/tryit462d.html]
[www.w3schools.com/w3css/img_temp_architect.jpg]
[www.w3schools.com/w3css/tryitac8f.html]
[www.w3schools.com/w3css/tryw3css_templates_parallax.html]
[www.w3schools.com/w3css/img_temp_parallax.jpg]
[www.w3schools.com/w3css/tryit7746.html]
[www.w3schools.com/w3css/tryw3css_templates_blog.html]
[www.w3schools.com/w3css/img_temp_blog.jpg]
[www.w3schools.com/w3css/tryit5260.html]
[www.w3schools.com/w3css/tryw3css_templates_food_blog.html]
[www.w3schools.com/w3css/tryit2c24.html]
[www.w3schools.com/w3css/tryw3css_templates_fashion_blog.html]
[www.w3schools.com/w3css/img_temp_fashion_blog.jpg]
[www.w3schools.com/w3css/tryit9e69.html]
[www.w3schools.com/w3css/tryw3css_templates_cafe.html]
[www.w3schools.com/w3css/tryit5868.html]
[www.w3schools.com/w3css/tryw3css_templates_clothing_store.html]
[www.w3schools.com/w3css/img_temp_clothing_store.jpg]
[www.w3schools.com/w3css/tryit9638.html]
[www.w3schools.com/w3css/tryw3css_templates_cv.html]
[www.w3schools.com/w3css/img_temp_cv.jpg]
[www.w3schools.com/w3css/tryitfa0f.html]
[www.w3schools.com/w3css/tryw3css_templates_coming_soon.html]
[www.w3schools.com/w3css/img_temp_comingsoon.jpg]
[www.w3schools.com/w3css/tryit9ad1.html]
[www.w3schools.com/w3css/tryw3css_templates_wedding.html]
[www.w3schools.com/w3css/tryit5e71.html]
[www.w3schools.com/w3css/tryw3css_templates_photo.html]
[www.w3schools.com/w3css/img_temp_photo.jpg]
[www.w3schools.com/w3css/tryite837.html]
[www.w3schools.com/w3css/tryw3css_templates_photo2.html]
[www.w3schools.com/w3css/img_temp_photo2.jpg]
[www.w3schools.com/w3css/tryitc354.html]
[www.w3schools.com/w3css/tryw3css_templates_photo3.html]
[www.w3schools.com/w3css/img_temp_photo3.jpg]
[www.w3schools.com/w3css/tryit42e9.html]
[www.w3schools.com/w3css/tryw3css_templates_portfolio.html]
[www.w3schools.com/w3css/img_temp_portfolio.jpg]
[www.w3schools.com/w3css/tryitcbfd.html]
[www.w3schools.com/w3css/tryw3css_templates_portfolio2.html]
[www.w3schools.com/w3css/img_temp_portfolio2.jpg]
[www.w3schools.com/w3css/tryitecbe.html]
[www.w3schools.com/w3css/tryw3css_templates_portfolio3.html]
[www.w3schools.com/w3css/img_temp_portfolio3.jpg]
[www.w3schools.com/w3css/tryitf374.html]
[www.w3schools.com/w3css/tryw3css_templates_dark_portfolio.html]
[www.w3schools.com/w3css/tryit3877.html]
[www.w3schools.com/w3css/tryw3css_templates_bw_portfolio.html]
[www.w3schools.com/w3css/img_temp_bw_port.jpg]
[www.w3schools.com/w3css/tryit29de.html]
[www.w3schools.com/w3css/tryw3css_templates_interior_design.html]
[www.w3schools.com/w3css/img_temp_interior_design.jpg]
[www.w3schools.com/w3css/tryit9df4.html]
[www.w3schools.com/w3css/tryw3css_templates_restaurant_modal.html]
[www.w3schools.com/w3css/img_temp_modal_restaurant.jpg]
[www.w3schools.com/w3css/tryite3e4.html]
[www.w3schools.com/w3css/tryw3css_templates_pizza.html]
[www.w3schools.com/w3css/img_temp_pizza.jpg]
[www.w3schools.com/w3css/tryitcf90.html]
[www.w3schools.com/w3css/tryw3css_templates_start_page.html]
[www.w3schools.com/w3css/img_temp_startpage.jpg]
[www.w3schools.com/w3css/tryit3340.html]
[www.w3schools.com/w3css/tryw3css_templates_startup.html]
[www.w3schools.com/w3css/img_temp_startup.jpg]
[www.w3schools.com/w3css/tryitdeb1.html]
[www.w3schools.com/w3css/tryw3css_templates_app_launch.html]
[www.w3schools.com/w3css/img_temp_app_launch.jpg]
[www.w3schools.com/w3css/tryitf796.html]
[www.w3schools.com/w3css/tryw3css_templates_marketing.html]
[www.w3schools.com/w3css/img_temp_marketing.jpg]
[www.w3schools.com/w3css/tryitcd39.html]
[www.w3schools.com/w3css/tryw3css_templates_website.html]
[www.w3schools.com/w3css/img_temp_website.jpg]
[www.w3schools.com/w3css/tryit194f.html]
[www.w3schools.com/w3css/tryw3css_templates_streetart.html]
[www.w3schools.com/w3css/img_temp_art.jpg]
[www.w3schools.com/w3css/tryit4200.html]
[www.w3schools.com/w3css/tryw3css_templates_webpage.html]
[www.w3schools.com/w3css/img_temp_webpage.jpg]
[www.w3schools.com/w3css/tryit650e.html]
[www.w3schools.com/w3css/tryw3css_templates_social.html]
[www.w3schools.com/w3css/img_temp_social.jpg]
[www.w3schools.com/w3css/tryitb992.html]
[www.w3schools.com/w3css/tryw3css_templates_analytics.html]
[www.w3schools.com/w3css/img_temp_analytics.jpg]
[www.w3schools.com/w3css/tryit96f4.html]
[www.w3schools.com/w3css/tryw3css_templates_apartment_rental.html]
[www.w3schools.com/w3css/img_temp_apartment_rental.jpg]
[www.w3schools.com/w3css/tryit087b.html]
[www.w3schools.com/w3css/tryw3css_templates_hotel.html]
[www.w3schools.com/w3css/img_temp_hotel.jpg]
[www.w3schools.com/w3css/tryitbd28.html]
[www.w3schools.com/w3css/tryw3css_templates_travel2.html]
[www.w3schools.com/w3css/img_temp_travel2.jpg]
[www.w3schools.com/w3css/tryitfe4e.html]
[www.w3schools.com/w3css/tryw3css_templates_travel.html]
[www.w3schools.com/w3css/img_temp_travel.jpg]
[www.w3schools.com/w3css/tryita19f.html]
[www.w3schools.com/w3css/tryw3css_templates_design.html]
[www.w3schools.com/w3css/img_temp_design.jpg]
[www.w3schools.com/w3css/tryit9f8d.html]
[www.w3schools.com/w3css/tryw3css_templates_fifty.html]
[www.w3schools.com/w3css/img_temp_fifty.jpg]
[www.w3schools.com/w3css/tryit9d58.html]
[www.w3schools.com/w3css/tryw3css_templates_mail.html]
[www.w3schools.com/w3css/img_temp_mail.jpg]
[www.w3schools.com/w3css/tryit913d.html]
[www.w3schools.com/w3css/tryw3css_templates_black.html]
[www.w3schools.com/w3css/img_temp_demosite.jpg]
[www.w3schools.com/w3css/tryw3css_templates_red.html]
[www.w3schools.com/w3css/tryw3css_templates_teal.html]
[www.w3schools.com/w3css/tryit238b.html]
[www.w3schools.com/w3css/w3css_templates.html]
[www.w3schools.com/w3css/4/w3colors.css]
[www.w3schools.com/w3css/tryitc441.html]
[www.w3schools.com/w3css/tryitdd91.html]
[www.w3schools.com/w3css/tryit47b0.html]
[www.w3schools.com/w3css/tryit817a.html]
[www.w3schools.com/w3css/tryit4196.html]
[www.w3schools.com/w3css/tryit8588.html]
[www.w3schools.com/w3css/tryit216c.html]
[www.w3schools.com/w3css/tryite5fe.html]
[www.w3schools.com/w3css/tryit8e80.html]
[www.w3schools.com/w3css/tryit4bb5.html]
[www.w3schools.com/w3css/tryit6e91.html]
[www.w3schools.com/w3css/tryit86cf.html]
[www.w3schools.com/w3css/tryita6f3.html]
[www.w3schools.com/w3css/tryit6338.html]
[www.w3schools.com/w3css/tryitcd68.html]
[www.w3schools.com/w3css/tryit01e3.html]
[www.w3schools.com/w3css/w3css_references.html]
[www.w3schools.com/w3css/w3css_intro.html]
[www.w3schools.com/w3css/w3css_colors.html]
[www.w3schools.com/w3css/w3css_containers.html]
[www.w3schools.com/w3css/w3css_panels.html]
[www.w3schools.com/w3css/w3css_borders.html]
[www.w3schools.com/w3css/w3css_cards.html]
[www.w3schools.com/w3css/w3css_fonts.html]
[www.w3schools.com/w3css/w3css_text.html]
[www.w3schools.com/w3css/w3css_round.html]
[www.w3schools.com/w3css/w3css_padding.html]
[www.w3schools.com/w3css/w3css_margins.html]
[www.w3schools.com/w3css/w3css_display.html]
[www.w3schools.com/w3css/w3css_buttons.html]
[www.w3schools.com/w3css/w3css_notes.html]
[www.w3schools.com/w3css/w3css_quotes.html]
[www.w3schools.com/w3css/w3css_alerts.html]
[www.w3schools.com/w3css/w3css_tables.html]
[www.w3schools.com/w3css/w3css_lists.html]
[www.w3schools.com/w3css/w3css_images.html]
[www.w3schools.com/w3css/w3css_input.html]
[www.w3schools.com/w3css/w3css_badges.html]
[www.w3schools.com/w3css/w3css_tags.html]
[www.w3schools.com/w3css/w3css_icons.html]
[www.w3schools.com/w3css/w3css_responsive.html]
[www.w3schools.com/w3css/w3css_layout.html]
[www.w3schools.com/w3css/w3css_animate.html]
[www.w3schools.com/w3css/w3css_effects.html]
[www.w3schools.com/w3css/w3css_bars.html]
[www.w3schools.com/w3css/w3css_dropdowns.html]
[www.w3schools.com/w3css/w3css_accordions.html]
[www.w3schools.com/w3css/w3css_navigation.html]
[www.w3schools.com/w3css/w3css_sidebar.html]
[www.w3schools.com/w3css/w3css_tabulators.html]
[www.w3schools.com/w3css/w3css_pagination.html]
[www.w3schools.com/w3css/w3css_progressbar.html]
[www.w3schools.com/w3css/w3css_slideshow.html]
[www.w3schools.com/w3css/w3css_modal.html]
[www.w3schools.com/w3css/w3css_tooltips.html]
[www.w3schools.com/w3css/w3css_grid.html]
[www.w3schools.com/w3css/w3css_code.html]
[www.w3schools.com/w3css/w3css_filters.html]
[www.w3schools.com/w3css/w3css_trends.html]
[www.w3schools.com/w3css/w3css_case.html]
[www.w3schools.com/w3css/w3css_material.html]
[www.w3schools.com/w3css/w3css_validation.html]
[www.w3schools.com/w3css/w3css_versions.html]
[www.w3schools.com/w3css/w3css_mobile.html]
[www.w3schools.com/w3css/w3css_color_classes.html]
[www.w3schools.com/w3css/w3css_color_material.html]
[www.w3schools.com/w3css/w3css_color_flat.html]
[www.w3schools.com/w3css/w3css_color_metro.html]
[www.w3schools.com/w3css/w3css_color_win8.html]
[www.w3schools.com/w3css/w3css_color_ios.html]
[www.w3schools.com/w3css/w3css_color_libraries.html]
[www.w3schools.com/w3css/w3css_color_schemes.html]
[www.w3schools.com/w3css/w3css_color_themes.html]
[www.w3schools.com/w3css/w3css_color_generator.html]
[www.w3schools.com/w3css/w3css_examples.html]
[www.w3schools.com/w3css/w3css_demo.html]
[www.w3schools.com/w3css/w3css_downloads.html]
[www.w3schools.com/w3css/tryit5ae0.html]
[www.w3schools.com/w3css/tryitdb49.html]
[www.w3schools.com/w3css/index.html]
[www.w3schools.com/lib/w3schools_footer.js]
[translate.google.com/translate_a/elementa0d8.html]
[www.w3schools.com/w3css/GET.html]
[www.w3schools.com/w3css/tryw3css_templates_band.html]
[www.w3schools.com/w3css/tryitb525.html]
[www.w3schools.com/w3css/tryw3css_templates_gourmet_catering.html]
[www.w3schools.com/w3css/tryit462d.html]
[www.w3schools.com/w3css/tryitac8f.html]
[www.w3schools.com/w3css/tryw3css_templates_parallax.html]
[www.w3schools.com/w3css/tryit7746.html]
[www.w3schools.com/w3css/tryw3css_templates_blog.html]
[www.w3schools.com/w3css/tryit5260.html]
[www.w3schools.com/w3css/tryw3css_templates_food_blog.html]
[www.w3schools.com/w3css/tryit2c24.html]
[www.w3schools.com/w3css/tryw3css_templates_fashion_blog.html]
[www.w3schools.com/w3css/tryit9e69.html]
[www.w3schools.com/w3css/tryw3css_templates_cafe.html]
[www.w3schools.com/w3css/tryit5868.html]
[www.w3schools.com/w3css/tryw3css_templates_clothing_store.html]
[www.w3schools.com/w3css/tryit9638.html]
[www.w3schools.com/w3css/tryw3css_templates_cv.html]
[www.w3schools.com/w3css/tryitfa0f.html]
[www.w3schools.com/w3css/tryw3css_templates_coming_soon.html]
[www.w3schools.com/w3css/tryit9ad1.html]
[www.w3schools.com/w3css/tryw3css_templates_wedding.html]
[www.w3schools.com/w3css/tryit5e71.html]
[www.w3schools.com/w3css/tryw3css_templates_photo.html]
[www.w3schools.com/w3css/tryite837.html]
[www.w3schools.com/w3css/tryw3css_templates_photo2.html]
[www.w3schools.com/w3css/tryitc354.html]
[www.w3schools.com/w3css/tryw3css_templates_photo3.html]
[www.w3schools.com/w3css/tryit42e9.html]
[www.w3schools.com/w3css/tryw3css_templates_portfolio.html]
[www.w3schools.com/w3css/tryitcbfd.html]
[www.w3schools.com/w3css/tryw3css_templates_portfolio2.html]
[www.w3schools.com/w3css/tryitecbe.html]
[www.w3schools.com/w3css/tryw3css_templates_portfolio3.html]
[www.w3schools.com/w3css/tryitf374.html]
[www.w3schools.com/w3css/tryw3css_templates_dark_portfolio.html]
[www.w3schools.com/w3css/tryit3877.html]
[www.w3schools.com/w3css/tryw3css_templates_bw_portfolio.html]
[www.w3schools.com/w3css/tryit29de.html]
[www.w3schools.com/w3css/tryw3css_templates_interior_design.html]
[www.w3schools.com/w3css/tryit9df4.html]
[www.w3schools.com/w3css/tryw3css_templates_restaurant_modal.html]
[www.w3schools.com/w3css/tryite3e4.html]
[www.w3schools.com/w3css/tryw3css_templates_pizza.html]
[www.w3schools.com/w3css/tryitcf90.html]
[www.w3schools.com/w3css/tryw3css_templates_start_page.html]
[www.w3schools.com/w3css/tryit3340.html]
[www.w3schools.com/w3css/tryw3css_templates_startup.html]
[www.w3schools.com/w3css/tryitdeb1.html]
[www.w3schools.com/w3css/tryw3css_templates_app_launch.html]
[www.w3schools.com/w3css/tryitf796.html]
[www.w3schools.com/w3css/tryw3css_templates_marketing.html]
[www.w3schools.com/w3css/tryitcd39.html]
[www.w3schools.com/w3css/tryw3css_templates_website.html]
[www.w3schools.com/w3css/tryit194f.html]
[www.w3schools.com/w3css/tryw3css_templates_streetart.html]
[www.w3schools.com/w3css/tryit4200.html]
[www.w3schools.com/w3css/tryw3css_templates_webpage.html]
[www.w3schools.com/w3css/tryit650e.html]
[www.w3schools.com/w3css/tryw3css_templates_social.html]
[www.w3schools.com/w3css/tryitb992.html]
[www.w3schools.com/w3css/tryw3css_templates_analytics.html]
[www.w3schools.com/w3css/tryit96f4.html]
[www.w3schools.com/w3css/tryw3css_templates_apartment_rental.html]
[www.w3schools.com/w3css/tryit087b.html]
[www.w3schools.com/w3css/tryw3css_templates_hotel.html]
[www.w3schools.com/w3css/tryitbd28.html]
[www.w3schools.com/w3css/tryw3css_templates_travel2.html]
[www.w3schools.com/w3css/tryitfe4e.html]
[www.w3schools.com/w3css/tryw3css_templates_travel.html]
[www.w3schools.com/w3css/tryita19f.html]
[www.w3schools.com/w3css/tryw3css_templates_design.html]
[www.w3schools.com/w3css/tryit9f8d.html]
[www.w3schools.com/w3css/tryw3css_templates_fifty.html]
[www.w3schools.com/w3css/tryit9d58.html]
[www.w3schools.com/w3css/tryw3css_templates_mail.html]
[www.w3schools.com/w3css/tryit913d.html]
[www.w3schools.com/w3css/tryw3css_templates_black.html]
[www.w3schools.com/w3css/tryw3css_templates_red.html]
[www.w3schools.com/w3css/tryw3css_templates_teal.html]
[www.w3schools.com/w3css/tryit238b.html]
[www.w3schools.com/w3css/4/w3colors.css]
[www.w3schools.com/w3css/tryitc441.html]
[www.w3schools.com/w3css/tryitdd91.html]
[www.w3schools.com/w3css/tryit47b0.html]
[www.w3schools.com/w3css/tryit817a.html]
[www.w3schools.com/w3css/tryit4196.html]
[www.w3schools.com/w3css/tryit8588.html]
[www.w3schools.com/w3css/tryit216c.html]
[www.w3schools.com/w3css/tryite5fe.html]
[www.w3schools.com/w3css/tryit8e80.html]
[www.w3schools.com/w3css/tryit4bb5.html]
[www.w3schools.com/w3css/tryit6e91.html]
[www.w3schools.com/w3css/tryit86cf.html]
[www.w3schools.com/w3css/tryita6f3.html]
[www.w3schools.com/w3css/tryit6338.html]
[www.w3schools.com/w3css/tryitcd68.html]
[www.w3schools.com/w3css/tryit01e3.html]
[www.w3schools.com/w3css/tryitb764.html]
